2014-08-28 00:56:36: Initializing cgroup subsys cpuset
2014-08-28 00:56:36: Initializing cgroup subsys cpu
2014-08-28 00:56:36: Linux version 2.6.32-498.el6.x86_64 (mockbuild@x86-029.build.eng.bos.redhat.com) (gcc version 4.4.7 20120313 (Red Hat 4.4.7-10) (GCC) ) #1 SMP Fri Aug 22 22:47:22 EDT 2014
2014-08-28 00:56:36: Command line: ro root=/dev/mapper/VolGroup-LogVol_root rd_NO_LUKS console=tty0 console=ttyS0,115200 LANG=en_US.UTF-8 rd_NO_MD SYSFONT=latarcyrheb-sun16 rd_LVM_LV=VolGroup/LogVol_swap crashkernel=auto rd_LVM_LV=VolGroup/LogVol_root  KEYBOARDTYPE=pc KEYTABLE=us rd_NO_DM
2014-08-28 00:56:36: KERNEL supported cpus:
2014-08-28 00:56:36:   Intel GenuineIntel
2014-08-28 00:56:36:   AMD AuthenticAMD
2014-08-28 00:56:36:   Centaur CentaurHauls
2014-08-28 00:56:36: BIOS-provided physical RAM map:
2014-08-28 00:56:36:  BIOS-e820: 0000000000000000 - 000000000009dc00 (usable)
2014-08-28 00:56:36:  BIOS-e820: 000000000009dc00 - 00000000000a0000 (reserved)
2014-08-28 00:56:36:  BIOS-e820: 00000000000f0000 - 0000000000100000 (reserved)
2014-08-28 00:56:36:  BIOS-e820: 0000000000100000 - 00000000dfffd000 (usable)
2014-08-28 00:56:36:  BIOS-e820: 00000000dfffd000 - 00000000e0000000 (reserved)
2014-08-28 00:56:36:  BIOS-e820: 00000000fffbc000 - 0000000100000000 (reserved)
2014-08-28 00:56:36:  BIOS-e820: 0000000100000000 - 0000000120000000 (usable)
2014-08-28 00:56:36: DMI 2.4 present.
2014-08-28 00:56:36: SMBIOS version 2.4 @ 0xFDA10
2014-08-28 00:56:36: Hypervisor detected: KVM
2014-08-28 00:56:36: last_pfn = 0x120000 max_arch_pfn = 0x400000000
2014-08-28 00:56:36: x86 PAT enabled: cpu 0, old 0x0, new 0x7010600070106
2014-08-28 00:56:36: last_pfn = 0xdfffd max_arch_pfn = 0x400000000
2014-08-28 00:56:36: Using GB pages for direct mapping
2014-08-28 00:56:36: init_memory_mapping: 0000000000000000-00000000dfffd000
2014-08-28 00:56:36: init_memory_mapping: 0000000100000000-0000000120000000
2014-08-28 00:56:36: RAMDISK: 36d61000 - 37fefb69
2014-08-28 00:56:36: ACPI: RSDP 00000000000fd9e0 00014 (v00 BOCHS )
2014-08-28 00:56:36: ACPI: RSDT 00000000dfffd470 00034 (v01 BOCHS  BXPCRSDT 00000001 BXPC 00000001)
2014-08-28 00:56:36: ACPI: FACP 00000000dffffda0 00074 (v01 BOCHS  BXPCFACP 00000001 BXPC 00000001)
2014-08-28 00:56:36: ACPI: DSDT 00000000dfffd890 024A2 (v01   BXPC   BXDSDT 00000001 INTL 20090123)
2014-08-28 00:56:36: ACPI: FACS 00000000dffffd40 00040
2014-08-28 00:56:36: ACPI: SSDT 00000000dfffd6c0 001C1 (v01 BOCHS  BXPCSSDT 00000001 BXPC 00000001)
2014-08-28 00:56:36: ACPI: APIC 00000000dfffd5c0 00090 (v01 BOCHS  BXPCAPIC 00000001 BXPC 00000001)
2014-08-28 00:56:36: ACPI: SSDT 00000000dfffd4b0 0010F (v01   BXPC BXSSDTPC 00000001 INTL 20090123)
2014-08-28 00:56:36: Setting APIC routing to flat.
2014-08-28 00:56:36: No NUMA configuration found
2014-08-28 00:56:36: Faking a node at 0000000000000000-0000000120000000
2014-08-28 00:56:36: Bootmem setup node 0 0000000000000000-0000000120000000
2014-08-28 00:56:36:   NODE_DATA [000000000000b000 - 000000000003efff]
2014-08-28 00:56:36:   bootmap [000000000003f000 -  0000000000062fff] pages 24
2014-08-28 00:56:36: (8 early reservations) ==> bootmem [0000000000 - 0120000000]
2014-08-28 00:56:36:   #0 [0000000000 - 0000001000]   BIOS data page ==> [0000000000 - 0000001000]
2014-08-28 00:56:36:   #1 [0000006000 - 0000008000]       TRAMPOLINE ==> [0000006000 - 0000008000]
2014-08-28 00:56:36:   #2 [0001000000 - 0002029ba4]    TEXT DATA BSS ==> [0001000000 - 0002029ba4]
2014-08-28 00:56:36:   #3 [0036d61000 - 0037fefb69]          RAMDISK ==> [0036d61000 - 0037fefb69]
2014-08-28 00:56:36:   #4 [000009dc00 - 0000100000]    BIOS reserved ==> [000009dc00 - 0000100000]
2014-08-28 00:56:36:   #5 [000202a000 - 000202a07d]              BRK ==> [000202a000 - 000202a07d]
2014-08-28 00:56:36:   #6 [0000008000 - 000000a000]          PGTABLE ==> [0000008000 - 000000a000]
2014-08-28 00:56:36:   #7 [000000a000 - 000000b000]          PGTABLE ==> [000000a000 - 000000b000]
2014-08-28 00:56:36: found SMP MP-table at [ffff8800000fda30] fda30
2014-08-28 00:56:36: Reserving 129MB of memory at 48MB for crashkernel (System RAM: 4608MB)
2014-08-28 00:56:36: kvm-clock: Using msrs 4b564d01 and 4b564d00
2014-08-28 00:56:36: kvm-clock: cpu 0, msr 0:1c27841, boot clock
2014-08-28 00:56:36: Zone PFN ranges:
2014-08-28 00:56:36:   DMA      0x00000001 -> 0x00001000
2014-08-28 00:56:36:   DMA32    0x00001000 -> 0x00100000
2014-08-28 00:56:36:   Normal   0x00100000 -> 0x00120000
2014-08-28 00:56:36: Movable zone start PFN for each node
2014-08-28 00:56:36: early_node_map[3] active PFN ranges
2014-08-28 00:56:36:     0: 0x00000001 -> 0x0000009d
2014-08-28 00:56:36:     0: 0x00000100 -> 0x000dfffd
2014-08-28 00:56:36:     0: 0x00100000 -> 0x00120000
2014-08-28 00:56:36: ACPI: PM-Timer IO Port: 0xb008
2014-08-28 00:56:36: Setting APIC routing to flat.
2014-08-28 00:56:36: ACPI: LAPIC (acpi_id[0x00] lapic_id[0x00] enabled)
2014-08-28 00:56:36: ACPI: LAPIC (acpi_id[0x01] lapic_id[0x01] enabled)
2014-08-28 00:56:36: ACPI: LAPIC (acpi_id[0x02] lapic_id[0x02] enabled)
2014-08-28 00:56:36: ACPI: LAPIC (acpi_id[0x03] lapic_id[0x03] enabled)
2014-08-28 00:56:36: ACPI: LAPIC_NMI (acpi_id[0xff] dfl dfl lint[0x1])
2014-08-28 00:56:36: ACPI: IOAPIC (id[0x00] address[0xfec00000] gsi_base[0])
2014-08-28 00:56:36: IOAPIC[0]: apic_id 0, version 17, address 0xfec00000, GSI 0-23
2014-08-28 00:56:36: ACPI: INT_SRC_OVR (bus 0 bus_irq 0 global_irq 2 dfl dfl)
2014-08-28 00:56:36: ACPI: INT_SRC_OVR (bus 0 bus_irq 5 global_irq 5 high level)
2014-08-28 00:56:36: ACPI: INT_SRC_OVR (bus 0 bus_irq 9 global_irq 9 high level)
2014-08-28 00:56:36: ACPI: INT_SRC_OVR (bus 0 bus_irq 10 global_irq 10 high level)
2014-08-28 00:56:36: ACPI: INT_SRC_OVR (bus 0 bus_irq 11 global_irq 11 high level)
2014-08-28 00:56:36: Using ACPI (MADT) for SMP configuration information
2014-08-28 00:56:36: SMP: Allowing 4 CPUs, 0 hotplug CPUs
2014-08-28 00:56:36: PM: Registered nosave memory: 000000000009d000 - 000000000009e000
2014-08-28 00:56:36: PM: Registered nosave memory: 000000000009e000 - 00000000000a0000
2014-08-28 00:56:36: PM: Registered nosave memory: 00000000000a0000 - 00000000000f0000
2014-08-28 00:56:36: PM: Registered nosave memory: 00000000000f0000 - 0000000000100000
2014-08-28 00:56:36: PM: Registered nosave memory: 00000000dfffd000 - 00000000e0000000
2014-08-28 00:56:36: PM: Registered nosave memory: 00000000e0000000 - 00000000fffbc000
2014-08-28 00:56:36: PM: Registered nosave memory: 00000000fffbc000 - 0000000100000000
2014-08-28 00:56:36: Allocating PCI resources starting at e0000000 (gap: e0000000:1ffbc000)
2014-08-28 00:56:36: Booting paravirtualized kernel on KVM
2014-08-28 00:56:36: NR_CPUS:4096 nr_cpumask_bits:4 nr_cpu_ids:4 nr_node_ids:1
2014-08-28 00:56:36: PERCPU: Embedded 31 pages/cpu @ffff880028200000 s95064 r8192 d23720 u524288
2014-08-28 00:56:36: pcpu-alloc: s95064 r8192 d23720 u524288 alloc=1*2097152
2014-08-28 00:56:36: pcpu-alloc: [0] 0 1 2 3
2014-08-28 00:56:36: kvm-clock: cpu 0, msr 0:28216841, primary cpu clock
2014-08-28 00:56:36: kvm-stealtime: cpu 0, msr 2820e880
2014-08-28 00:56:36: Built 1 zonelists in Node order, mobility grouping on.  Total pages: 1032241
2014-08-28 00:56:36: Policy zone: Normal
2014-08-28 00:56:36: Kernel command line: ro root=/dev/mapper/VolGroup-LogVol_root rd_NO_LUKS console=tty0 console=ttyS0,115200 LANG=en_US.UTF-8 rd_NO_MD SYSFONT=latarcyrheb-sun16 rd_LVM_LV=VolGroup/LogVol_swap crashkernel=129M@0M rd_LVM_LV=VolGroup/LogVol_root  KEYBOARDTYPE=pc KEYTABLE=us rd_NO_DM
2014-08-28 00:56:36: PID hash table entries: 4096 (order: 3, 32768 bytes)
2014-08-28 00:56:36: xsave/xrstor: enabled xstate_bv 0x7, cntxt size 0x340
2014-08-28 00:56:36: Checking aperture...
2014-08-28 00:56:36: No AGP bridge found
2014-08-28 00:56:36: AMD-Vi disabled by default: pass amd_iommu=on to enable
2014-08-28 00:56:36: PCI-DMA: Using software bounce buffering for IO (SWIOTLB)
2014-08-28 00:56:36: Placing 64MB software IO TLB between ffff880020000000 - ffff880024000000
2014-08-28 00:56:36: software IO TLB at phys 0x20000000 - 0x24000000
2014-08-28 00:56:36: Memory: 3899792k/4718592k available (5335k kernel code, 524700k absent, 294100k reserved, 7016k data, 1292k init)
2014-08-28 00:56:36: Hierarchical RCU implementation.
2014-08-28 00:56:36: NR_IRQS:33024 nr_irqs:440
2014-08-28 00:56:36: Console: colour VGA+ 80x25
2014-08-28 00:56:36: console [tty0] enabled
2014-08-28 00:56:36: console [ttyS0] enabled
2014-08-28 00:56:36: allocated 16777216 bytes of page_cgroup
2014-08-28 00:56:36: please try 'cgroup_disable=memory' option if you don't want memory cgroups
2014-08-28 00:56:36: Detected 3000.036 MHz processor.
2014-08-28 00:56:36: Marking TSC unstable due to TSCs unsynchronized
2014-08-28 00:56:36: Calibrating delay loop (skipped) preset value.. 6000.07 BogoMIPS (lpj=3000036)
2014-08-28 00:56:36: pid_max: default: 32768 minimum: 301
2014-08-28 00:56:36: Security Framework initialized
2014-08-28 00:56:36: SELinux:  Initializing.
2014-08-28 00:56:36: Dentry cache hash table entries: 524288 (order: 10, 4194304 bytes)
2014-08-28 00:56:36: Inode-cache hash table entries: 262144 (order: 9, 2097152 bytes)
2014-08-28 00:56:36: Mount-cache hash table entries: 256
2014-08-28 00:56:36: Initializing cgroup subsys ns
2014-08-28 00:56:36: Initializing cgroup subsys cpuacct
2014-08-28 00:56:36: Initializing cgroup subsys memory
2014-08-28 00:56:36: Initializing cgroup subsys devices
2014-08-28 00:56:36: Initializing cgroup subsys freezer
2014-08-28 00:56:36: Initializing cgroup subsys net_cls
2014-08-28 00:56:36: Initializing cgroup subsys blkio
2014-08-28 00:56:36: Initializing cgroup subsys perf_event
2014-08-28 00:56:36: Initializing cgroup subsys net_prio
2014-08-28 00:56:36: CPU: Physical Processor ID: 0
2014-08-28 00:56:36: CPU: Processor Core ID: 0
2014-08-28 00:56:36: mce: CPU supports 10 MCE banks
2014-08-28 00:56:36: alternatives: switching to unfair spinlock
2014-08-28 00:56:36: ACPI: Core revision 20090903
2014-08-28 00:56:36: ftrace: converting mcount calls to 0f 1f 44 00 00
2014-08-28 00:56:36: ftrace: allocating 21914 entries in 86 pages
2014-08-28 00:56:36: APIC routing finalized to flat.
2014-08-28 00:56:36: ..TIMER: vector=0x30 apic1=0 pin1=2 apic2=-1 pin2=-1
2014-08-28 00:56:36: CPU0: AMD Opteron 62xx class CPU stepping 02
2014-08-28 00:56:36: Performance Events: no PMU driver, software events only.
2014-08-28 00:56:36: NMI watchdog disabled (cpu0): hardware events not enabled
2014-08-28 00:56:36: Booting Node   0, Processors  #1
2014-08-28 00:56:36: kvm-clock: cpu 1, msr 0:28296841, secondary cpu clock
2014-08-28 00:56:36: kvm-stealtime: cpu 1, msr 2828e880
2014-08-28 00:56:36:  #2
2014-08-28 00:56:36: kvm-clock: cpu 2, msr 0:28316841, secondary cpu clock
2014-08-28 00:56:36: kvm-stealtime: cpu 2, msr 2830e880
2014-08-28 00:56:36:  #3 Ok.
2014-08-28 00:56:36: kvm-clock: cpu 3, msr 0:28396841, secondary cpu clock
2014-08-28 00:56:36: kvm-stealtime: cpu 3, msr 2838e880
2014-08-28 00:56:36: Brought up 4 CPUs
2014-08-28 00:56:36: Total of 4 processors activated (24000.28 BogoMIPS).
2014-08-28 00:56:36: x86 PAT enabled: cpu 0, old 0x70106, new 0x7010600070106
2014-08-28 00:56:36: devtmpfs: initialized
2014-08-28 00:56:36: regulator: core version 0.5
2014-08-28 00:56:36: NET: Registered protocol family 16
2014-08-28 00:56:36: ACPI: bus type pci registered
2014-08-28 00:56:36: PCI: Using configuration type 1 for base access
2014-08-28 00:56:36: PCI: Using configuration type 1 for extended access
2014-08-28 00:56:36: bio: create slab <bio-0> at 0
2014-08-28 00:56:36: ACPI: Interpreter enabled
2014-08-28 00:56:36: ACPI: (supports S0 S5)
2014-08-28 00:56:36: ACPI: Using IOAPIC for interrupt routing
2014-08-28 00:56:36: ACPI: No dock devices found.
2014-08-28 00:56:36: PCI: Ignoring host bridge windows from ACPI; if necessary, use "pci=use_crs" and report a bug
2014-08-28 00:56:36: ACPI: PCI Root Bridge [PCI0] (domain 0000 [bus 00-ff])
2014-08-28 00:56:36: PCI host bridge to bus 0000:00
2014-08-28 00:56:36: pci_bus 0000:00: root bus resource [io  0x0000-0xffff]
2014-08-28 00:56:36: pci_bus 0000:00: root bus resource [mem 0x00000000-0xffffffffffff]
2014-08-28 00:56:36: pci 0000:00:01.3: quirk: [io  0xb000-0xb03f] claimed by PIIX4 ACPI
2014-08-28 00:56:36: pci 0000:00:01.3: quirk: [io  0xb100-0xb10f] claimed by PIIX4 SMB
2014-08-28 00:56:36:  pci0000:00: Requesting ACPI _OSC control (0x1d)
2014-08-28 00:56:36: Unable to assume _OSC PCIe control. Disabling ASPM
2014-08-28 00:56:36: ACPI: PCI Interrupt Link [LNKA] (IRQs 5 *10 11)
2014-08-28 00:56:36: ACPI: PCI Interrupt Link [LNKB] (IRQs 5 *10 11)
2014-08-28 00:56:36: ACPI: PCI Interrupt Link [LNKC] (IRQs 5 10 *11)
2014-08-28 00:56:36: ACPI: PCI Interrupt Link [LNKD] (IRQs 5 10 *11)
2014-08-28 00:56:36: ACPI: PCI Interrupt Link [LNKS] (IRQs *9)
2014-08-28 00:56:36: vgaarb: device added: PCI:0000:00:02.0,decodes=io+mem,owns=io+mem,locks=none
2014-08-28 00:56:36: vgaarb: loaded
2014-08-28 00:56:36: vgaarb: bridge control possible 0000:00:02.0
2014-08-28 00:56:36: SCSI subsystem initialized
2014-08-28 00:56:36: usbcore: registered new interface driver usbfs
2014-08-28 00:56:36: usbcore: registered new interface driver hub
2014-08-28 00:56:36: usbcore: registered new device driver usb
2014-08-28 00:56:36: PCI: Using ACPI for IRQ routing
2014-08-28 00:56:36: NetLabel: Initializing
2014-08-28 00:56:36: NetLabel:  domain hash size = 128
2014-08-28 00:56:36: NetLabel:  protocols = UNLABELED CIPSOv4
2014-08-28 00:56:36: NetLabel:  unlabeled traffic allowed by default
2014-08-28 00:56:36: Switching to clocksource kvm-clock
2014-08-28 00:56:36: pnp: PnP ACPI init
2014-08-28 00:56:36: ACPI: bus type pnp registered
2014-08-28 00:56:36: pnp: PnP ACPI: found 6 devices
2014-08-28 00:56:36: ACPI: ACPI bus type pnp unregistered
2014-08-28 00:56:36: NET: Registered protocol family 2
2014-08-28 00:56:36: IP route cache hash table entries: 131072 (order: 8, 1048576 bytes)
2014-08-28 00:56:36: TCP established hash table entries: 524288 (order: 11, 8388608 bytes)
2014-08-28 00:56:36: TCP bind hash table entries: 65536 (order: 8, 1048576 bytes)
2014-08-28 00:56:36: TCP: Hash tables configured (established 524288 bind 65536)
2014-08-28 00:56:36: TCP reno registered
2014-08-28 00:56:36: NET: Registered protocol family 1
2014-08-28 00:56:36: pci 0000:00:00.0: Limiting direct PCI/PCI transfers
2014-08-28 00:56:36: pci 0000:00:01.0: PIIX3: Enabling Passive Release
2014-08-28 00:56:36: pci 0000:00:01.0: Activating ISA DMA hang workarounds
2014-08-28 00:56:36: ACPI: PCI Interrupt Link [LNKC] enabled at IRQ 11
2014-08-28 00:56:36: pci 0000:00:04.0: PCI INT D -> Link[LNKC] -> GSI 11 (level, high) -> IRQ 11
2014-08-28 00:56:36: pci 0000:00:04.0: PCI INT D disabled
2014-08-28 00:56:36: Trying to unpack rootfs image as initramfs...
2014-08-28 00:56:37: Freeing initrd memory: 19002k freed
2014-08-28 00:56:37: futex hash table entries: 1024 (order: 4, 65536 bytes)
2014-08-28 00:56:37: audit: initializing netlink socket (disabled)
2014-08-28 00:56:37: type=2000 audit(1409158596.643:1): initialized
2014-08-28 00:56:37: HugeTLB registered 2 MB page size, pre-allocated 0 pages
2014-08-28 00:56:37: VFS: Disk quotas dquot_6.5.2
2014-08-28 00:56:37: Dquot-cache hash table entries: 512 (order 0, 4096 bytes)
2014-08-28 00:56:37: msgmni has been set to 7653
2014-08-28 00:56:37: alg: No test for stdrng (krng)
2014-08-28 00:56:37: ksign: Installing public key data
2014-08-28 00:56:37: Loading keyring
2014-08-28 00:56:37: - Added public key 9C234CCD6F28C620
2014-08-28 00:56:37: - User ID: Red Hat, Inc. (Kernel Module GPG key)
2014-08-28 00:56:37: - Added public key D4A26C9CCD09BEDA
2014-08-28 00:56:37: - User ID: Red Hat Enterprise Linux Driver Update Program <secalert@redhat.com>
2014-08-28 00:56:37: - Added public key CB445E0DA3EA1F65
2014-08-28 00:56:37: - User ID: Red Hat Enterprise Linux Driver Update Program (key 4) <secalert@redhat.com>
2014-08-28 00:56:37: Block layer SCSI generic (bsg) driver version 0.4 loaded (major 251)
2014-08-28 00:56:37: io scheduler noop registered
2014-08-28 00:56:37: io scheduler anticipatory registered
2014-08-28 00:56:37: io scheduler deadline registered
2014-08-28 00:56:37: io scheduler cfq registered (default)
2014-08-28 00:56:37: pci_hotplug: PCI Hot Plug PCI Core version: 0.5
2014-08-28 00:56:37: pciehp: PCI Express Hot Plug Controller Driver version: 0.4
2014-08-28 00:56:37: acpiphp: ACPI Hot Plug PCI Controller Driver version: 0.5
2014-08-28 00:56:37: acpiphp: Slot [1] registered
2014-08-28 00:56:37: acpiphp: Slot [2] registered
2014-08-28 00:56:37: acpiphp: Slot [3] registered
2014-08-28 00:56:37: acpiphp: Slot [4] registered
2014-08-28 00:56:37: acpiphp: Slot [5] registered
2014-08-28 00:56:37: acpiphp: Slot [6] registered
2014-08-28 00:56:37: acpiphp: Slot [7] registered
2014-08-28 00:56:37: acpiphp: Slot [8] registered
2014-08-28 00:56:37: acpiphp: Slot [9] registered
2014-08-28 00:56:37: acpiphp: Slot [10] registered
2014-08-28 00:56:37: acpiphp: Slot [11] registered
2014-08-28 00:56:37: acpiphp: Slot [12] registered
2014-08-28 00:56:37: acpiphp: Slot [13] registered
2014-08-28 00:56:37: acpiphp: Slot [14] registered
2014-08-28 00:56:37: acpiphp: Slot [15] registered
2014-08-28 00:56:37: acpiphp: Slot [16] registered
2014-08-28 00:56:37: acpiphp: Slot [17] registered
2014-08-28 00:56:37: acpiphp: Slot [18] registered
2014-08-28 00:56:37: acpiphp: Slot [19] registered
2014-08-28 00:56:37: acpiphp: Slot [20] registered
2014-08-28 00:56:37: acpiphp: Slot [21] registered
2014-08-28 00:56:37: acpiphp: Slot [22] registered
2014-08-28 00:56:37: acpiphp: Slot [23] registered
2014-08-28 00:56:37: acpiphp: Slot [24] registered
2014-08-28 00:56:37: acpiphp: Slot [25] registered
2014-08-28 00:56:37: acpiphp: Slot [26] registered
2014-08-28 00:56:37: acpiphp: Slot [27] registered
2014-08-28 00:56:37: acpiphp: Slot [28] registered
2014-08-28 00:56:37: acpiphp: Slot [29] registered
2014-08-28 00:56:37: acpiphp: Slot [30] registered
2014-08-28 00:56:37: acpiphp: Slot [31] registered
2014-08-28 00:56:37: input: Power Button as /devices/LNXSYSTM:00/LNXPWRBN:00/input/input0
2014-08-28 00:56:37: ACPI: Power Button [PWRF]
2014-08-28 00:56:37: [Firmware Bug]: No valid trip found
2014-08-28 00:56:37: GHES: HEST is not enabled!
2014-08-28 00:56:37: Non-volatile memory driver v1.3
2014-08-28 00:56:37: Linux agpgart interface v0.103
2014-08-28 00:56:37: crash memory driver: version 1.1
2014-08-28 00:56:37: Serial: 8250/16550 driver, 4 ports, IRQ sharing enabled
2014-08-28 00:56:37: ÿserial8250: ttyS0 at I/O 0x3f8 (irq = 4) is a 16550A
2014-08-28 00:56:37: 00:05: ttyS0 at I/O 0x3f8 (irq = 4) is a 16550A
2014-08-28 00:56:37: brd: module loaded
2014-08-28 00:56:37: loop: module loaded
2014-08-28 00:56:37: input: Macintosh mouse button emulation as /devices/virtual/input/input1
2014-08-28 00:56:37: Fixed MDIO Bus: probed
2014-08-28 00:56:37: ehci_hcd: USB 2.0 'Enhanced' Host Controller (EHCI) Driver
2014-08-28 00:56:37: ohci_hcd: USB 1.1 'Open' Host Controller (OHCI) Driver
2014-08-28 00:56:37: uhci_hcd: USB Universal Host Controller Interface driver
2014-08-28 00:56:37: uhci_hcd 0000:00:04.0: PCI INT D -> Link[LNKC] -> GSI 11 (level, high) -> IRQ 11
2014-08-28 00:56:37: uhci_hcd 0000:00:04.0: UHCI Host Controller
2014-08-28 00:56:37: uhci_hcd 0000:00:04.0: new USB bus registered, assigned bus number 1
2014-08-28 00:56:37: uhci_hcd 0000:00:04.0: irq 11, io base 0x0000c900
2014-08-28 00:56:37: usb usb1: New USB device found, idVendor=1d6b, idProduct=0001
2014-08-28 00:56:37: usb usb1: New USB device strings: Mfr=3, Product=2, SerialNumber=1
2014-08-28 00:56:37: usb usb1: Product: UHCI Host Controller
2014-08-28 00:56:37: usb usb1: Manufacturer: Linux 2.6.32-498.el6.x86_64 uhci_hcd
2014-08-28 00:56:37: usb usb1: SerialNumber: 0000:00:04.0
2014-08-28 00:56:37: usb usb1: configuration #1 chosen from 1 choice
2014-08-28 00:56:37: hub 1-0:1.0: USB hub found
2014-08-28 00:56:37: hub 1-0:1.0: 2 ports detected
2014-08-28 00:56:37: PNP: PS/2 Controller [PNP0303:KBD,PNP0f13:MOU] at 0x60,0x64 irq 1,12
2014-08-28 00:56:37: serio: i8042 KBD port at 0x60,0x64 irq 1
2014-08-28 00:56:37: serio: i8042 AUX port at 0x60,0x64 irq 12
2014-08-28 00:56:37: mice: PS/2 mouse device common for all mice
2014-08-28 00:56:37: rtc_cmos 00:01: RTC can wake from S4
2014-08-28 00:56:37: input: AT Translated Set 2 keyboard as /devices/platform/i8042/serio0/input/input2
2014-08-28 00:56:37: rtc_cmos 00:01: rtc core: registered rtc_cmos as rtc0
2014-08-28 00:56:37: rtc0: alarms up to one day, 114 bytes nvram
2014-08-28 00:56:37: cpuidle: using governor ladder
2014-08-28 00:56:37: cpuidle: using governor menu
2014-08-28 00:56:37: EFI Variables Facility v0.08 2004-May-17
2014-08-28 00:56:37: usbcore: registered new interface driver hiddev
2014-08-28 00:56:37: usbcore: registered new interface driver usbhid
2014-08-28 00:56:37: usbhid: v2.6:USB HID core driver
2014-08-28 00:56:37: GRE over IPv4 demultiplexor driver
2014-08-28 00:56:37: TCP cubic registered
2014-08-28 00:56:37: Initializing XFRM netlink socket
2014-08-28 00:56:37: NET: Registered protocol family 17
2014-08-28 00:56:37: registered taskstats version 1
2014-08-28 00:56:37: rtc_cmos 00:01: setting system clock to 2014-08-27 16:56:35 UTC (1409158595)
2014-08-28 00:56:37: Initalizing network drop monitor service
2014-08-28 00:56:37: Freeing unused kernel memory: 1292k freed
2014-08-28 00:56:37: Write protecting the kernel read-only data: 10240k
2014-08-28 00:56:37: Freeing unused kernel memory: 788k freed
2014-08-28 00:56:37: Freeing unused kernel memory: 1568k freed
2014-08-28 00:56:37: dracut: dracut-004-349.el6
2014-08-28 00:56:37: dracut: rd_NO_LUKS: removing cryptoluks activation
2014-08-28 00:56:37: device-mapper: uevent: version 1.0.3
2014-08-28 00:56:37: device-mapper: ioctl: 4.27.0-ioctl (2013-10-30) initialised: dm-devel@redhat.com
2014-08-28 00:56:37: udev: starting version 147
2014-08-28 00:56:38: dracut: Starting plymouth daemon
2014-08-28 00:56:38: usb 1-1: new full speed USB device number 2 using uhci_hcd
2014-08-28 00:56:38: dracut: rd_NO_DM: removing DM RAID activation
2014-08-28 00:56:38: dracut: rd_NO_MD: removing MD RAID activation
2014-08-28 00:56:38: scsi0 : ata_piix
2014-08-28 00:56:38: scsi1 : ata_piix
2014-08-28 00:56:38: ata1: PATA max MWDMA2 cmd 0x1f0 ctl 0x3f6 bmdma 0xc000 irq 14
2014-08-28 00:56:38: ata2: PATA max MWDMA2 cmd 0x170 ctl 0x376 bmdma 0xc008 irq 15
2014-08-28 00:56:38: ACPI: PCI Interrupt Link [LNKA] enabled at IRQ 10
2014-08-28 00:56:38: virtio-pci 0000:00:05.0: PCI INT A -> Link[LNKA] -> GSI 10 (level, high) -> IRQ 10
2014-08-28 00:56:38: ACPI: PCI Interrupt Link [LNKB] enabled at IRQ 10
2014-08-28 00:56:38: virtio-pci 0000:00:06.0: PCI INT A -> Link[LNKB] -> GSI 10 (level, high) -> IRQ 10
2014-08-28 00:56:38: input: ImExPS/2 Generic Explorer Mouse as /devices/platform/i8042/serio1/input/input3
2014-08-28 00:56:38: usb 1-1: New USB device found, idVendor=0627, idProduct=0001
2014-08-28 00:56:38: usb 1-1: New USB device strings: Mfr=1, Product=3, SerialNumber=5
2014-08-28 00:56:38: usb 1-1: Product: QEMU USB Tablet
2014-08-28 00:56:38: usb 1-1: Manufacturer: QEMU 0.12.1
2014-08-28 00:56:38: usb 1-1: SerialNumber: 42
2014-08-28 00:56:38: usb 1-1: configuration #1 chosen from 1 choice
2014-08-28 00:56:38: input: QEMU 0.12.1 QEMU USB Tablet as /devices/pci0000:00/0000:00:04.0/usb1/1-1/1-1:1.0/input/input4
2014-08-28 00:56:38: generic-usb 0003:0627:0001.0001: input,hidraw0: USB HID v0.01 Pointer [QEMU 0.12.1 QEMU USB Tablet] on usb-0000:00:04.0-1/input0
2014-08-28 00:56:38: %G
2014-08-28 00:56:38: scsi2 : Virtio SCSI HBA
2014-08-28 00:56:38: scsi 2:0:0:0: Direct-Access     QEMU     QEMU HARDDISK    0.12 PQ: 0 ANSI: 5
2014-08-28 00:56:38: STARTING CRC_T10DIF
2014-08-28 00:56:38: sd 2:0:0:0: [sda] 41943040 512-byte logical blocks: (21.4 GB/20.0 GiB)
2014-08-28 00:56:38: sd 2:0:0:0: [sda] Write Protect is off
2014-08-28 00:56:38: sd 2:0:0:0: [sda] Write cache: enabled, read cache: enabled, doesn't support DPO or FUA
2014-08-28 00:56:38:  sda: sda1 sda2
2014-08-28 00:56:38: sd 2:0:0:0: [sda] Attached SCSI disk
2014-08-28 00:56:38: dracut: Scanning devices sda2  for LVM logical volumes VolGroup/LogVol_swap VolGroup/LogVol_root
2014-08-28 00:56:38: dracut: inactive '/dev/VolGroup/LogVol_swap' [4.00 GiB] inherit
2014-08-28 00:56:38: dracut: inactive '/dev/VolGroup/LogVol_root' [15.50 GiB] inherit
2014-08-28 00:56:39: EXT4-fs (dm-1): INFO: recovery required on readonly filesystem
2014-08-28 00:56:39: EXT4-fs (dm-1): write access will be enabled during recovery
2014-08-28 00:56:39: EXT4-fs (dm-1): recovery complete
2014-08-28 00:56:40: EXT4-fs (dm-1): mounted filesystem with ordered data mode. Opts:
2014-08-28 00:56:40: dracut: Mounted root filesystem /dev/mapper/VolGroup-LogVol_root
2014-08-28 00:56:40: dracut: Loading SELinux policy
2014-08-28 00:56:40: type=1404 audit(1409158597.956:2): enforcing=1 old_enforcing=0 auid=4294967295 ses=4294967295
2014-08-28 00:56:40: type=1403 audit(1409158598.631:3): policy loaded auid=4294967295 ses=4294967295
2014-08-28 00:56:40: dracut:
2014-08-28 00:56:41: dracut: Switching root
2014-08-28 00:56:42: 		Welcome to Red Hat Enterprise Linux Server
2014-08-28 00:56:42: Starting udev:
2014-08-28 00:56:42: udevd[463]: GOTO 'pulseaudio_check_usb' has no matching label in: '/lib/udev/rules.d/90-pulseaudio.rules'
2014-08-28 00:56:42: udevd[463]: GOTO 'pulseaudio_check_usb' has no matching label in: '/lib/udev/rules.d/90-pulseaudio.rules'
2014-08-28 00:56:42: 
2014-08-28 00:56:42: udev: starting version 147
2014-08-28 00:56:43: udev: renamed network interface eth0 to eth2
2014-08-28 00:56:43: piix4_smbus 0000:00:01.3: SMBus Host Controller at 0xb100, revision 0
2014-08-28 00:56:43: Intel ICH 0000:00:03.0: PCI INT A -> Link[LNKC] -> GSI 11 (level, high) -> IRQ 11
2014-08-28 00:56:44: intel8x0: measure - unreliable DMA position..
2014-08-28 00:56:44: intel8x0: measure - unreliable DMA position..
2014-08-28 00:56:45: intel8x0: measure - unreliable DMA position..
2014-08-28 00:56:45: intel8x0: clocking to 48000
2014-08-28 00:56:45: %G
2014-08-28 00:56:45: sd 2:0:0:0: Attached scsi generic sg0 type 0
2014-08-28 00:56:45: platform microcode: firmware: requesting amd-ucode/microcode_amd_fam15h.bin
2014-08-28 00:56:46: microcode: CPU0: patch_level=0x1000065
2014-08-28 00:56:46: microcode: CPU0: update failed (for patch_level=0x6000629)
2014-08-28 00:56:46: microcode: CPU1: patch_level=0x1000065
2014-08-28 00:56:46: microcode: CPU1: update failed (for patch_level=0x6000629)
2014-08-28 00:56:46: microcode: CPU2: patch_level=0x1000065
2014-08-28 00:56:46: microcode: CPU2: update failed (for patch_level=0x6000629)
2014-08-28 00:56:46: microcode: CPU3: patch_level=0x1000065
2014-08-28 00:56:46: microcode: CPU3: update failed (for patch_level=0x6000629)
2014-08-28 00:56:46: Microcode Update Driver: v2.00 <tigran@aivazian.fsnet.co.uk>, Peter Oruba
2014-08-28 00:56:46: [  OK  ]
2014-08-28 00:56:46: Setting hostname localhost.localdomain:  [  OK  ]
2014-08-28 00:56:47: Setting up Logical Volume Management:
2014-08-28 00:56:47:   2 logical volume(s) in volume group "VolGroup" now active
2014-08-28 00:56:47: [  OK  ]
2014-08-28 00:56:47: Checking filesystems
2014-08-28 00:56:47: Checking all file systems.
2014-08-28 00:56:47: [/sbin/fsck.ext4 (1) -- /] fsck.ext4 -a /dev/mapper/VolGroup-LogVol_root
2014-08-28 00:56:47: /dev/mapper/VolGroup-LogVol_root: clean, 136546/1015808 files, 954219/4063232 blocks
2014-08-28 00:56:47: [/sbin/fsck.ext4 (1) -- /boot] fsck.ext4 -a /dev/sda1
2014-08-28 00:56:47: /dev/sda1: recovering journal
2014-08-28 00:56:47: /dev/sda1: clean, 48/128016 files, 107823/512000 blocks
2014-08-28 00:56:47: [  OK  ]
2014-08-28 00:56:47: Remounting root filesystem in read-write mode:  [  OK  ]
2014-08-28 00:56:48: Mounting local filesystems:
2014-08-28 00:56:48: EXT4-fs (sda1): mounted filesystem with ordered data mode. Opts:
2014-08-28 00:56:48: [  OK  ]
2014-08-28 00:56:48: Enabling local filesystem quotas:  [  OK  ]
2014-08-28 00:56:48: Enabling /etc/fstab swaps:  Adding 4194300k swap on /dev/mapper/VolGroup-LogVol_swap.  Priority:-1 extents:1 across:4194300k
2014-08-28 00:56:48: [  OK  ]
2014-08-28 00:56:49: Entering non-interactive startup
2014-08-28 00:56:49: Calling the system activity data collector (sadc)...
2014-08-28 00:56:49: 
2014-08-28 00:56:49: Starting monitoring for VG VolGroup:
2014-08-28 00:56:49:   2 logical volume(s) in volume group "VolGroup" monitored
2014-08-28 00:56:49: [  OK  ]
2014-08-28 00:56:49: ip6tables: Applying firewall rules:
2014-08-28 00:56:50: NET: Registered protocol family 10
2014-08-28 00:56:50: lo: Disabled Privacy Extensions
2014-08-28 00:56:50: ip6_tables: (C) 2000-2006 Netfilter Core Team
2014-08-28 00:56:50: nf_conntrack version 0.5.0 (16384 buckets, 65536 max)
2014-08-28 00:56:50: [  OK  ]
2014-08-28 00:56:50: iptables: Applying firewall rules: ip_tables: (C) 2000-2006 Netfilter Core Team
2014-08-28 00:56:50: [  OK  ]
2014-08-28 00:56:50: Bringing up loopback interface:
2014-08-28 00:56:50: [  OK  ]
2014-08-28 00:56:50: Bringing up interface eth0:
2014-08-28 00:56:50: Device eth0 does not seem to be present, delaying initialization.
2014-08-28 00:56:50: [FAILED]
2014-08-28 00:56:50: Starting auditd:
2014-08-28 00:56:50: type=1305 audit(1409158608.652:4): audit_pid=1276 old=0 auid=4294967295 ses=4294967295 subj=system_u:system_r:auditd_t:s0 res=1
2014-08-28 00:56:51: [  OK  ]
2014-08-28 00:56:51: Starting portreserve: [  OK  ]
2014-08-28 00:56:51: Starting system logger:
2014-08-28 00:56:51: [  OK  ]
2014-08-28 00:56:51: Starting irqbalance: [  OK  ]
2014-08-28 00:56:51: Starting rpcbind:
2014-08-28 00:56:51: [  OK  ]
2014-08-28 00:56:52: Starting kdump:[  OK  ]
2014-08-28 00:56:52: Starting system message bus:
2014-08-28 00:56:52: [  OK  ]
2014-08-28 00:56:52: Setting network parameters... [  OK  ]
2014-08-28 00:56:52: Starting NetworkManager daemon:
2014-08-28 00:56:53: [  OK  ]
2014-08-28 00:56:53: Starting NFS statd:
2014-08-28 00:56:53: [  OK  ]
2014-08-28 00:56:53: Starting cups:
2014-08-28 00:56:53: 802.1Q VLAN Support v1.8 Ben Greear <greearb@candelatech.com>
2014-08-28 00:56:53: All bugs added by David S. Miller <davem@redhat.com>
2014-08-28 00:56:53: 8021q: adding VLAN 0 to HW filter on device eth2
2014-08-28 00:56:54: [  OK  ]
2014-08-28 00:56:54: Mounting filesystems:
2014-08-28 00:56:54: [  OK  ]
2014-08-28 00:56:54: Starting acpi daemon: [  OK  ]
2014-08-28 00:56:54: Starting HAL daemon:
2014-08-28 00:56:55: [  OK  ]
2014-08-28 00:56:55: Retrigger failed udev events[  OK  ]
2014-08-28 00:56:55: Adding udev persistent rules[  OK  ]
2014-08-28 00:56:55: Enabling Bluetooth devices:
2014-08-28 00:56:55: Starting sshd:
2014-08-28 00:56:55: [  OK  ]
2014-08-28 00:56:55: Starting postfix:
2014-08-28 00:56:56: [  OK  ]
2014-08-28 00:56:57: Starting abrt daemon:
2014-08-28 00:56:57: [  OK  ]
2014-08-28 00:56:57: Starting crond:
2014-08-28 00:56:57: [  OK  ]
2014-08-28 00:56:57: Starting atd:
2014-08-28 00:56:57: [  OK  ]
2014-08-28 00:56:57: Starting rhsmcertd...[  OK  ]
2014-08-28 00:56:57: 
2014-08-28 00:56:59: 
2014-08-28 00:56:59: Red Hat Enterprise Linux Server release 6.6 Beta (Santiago)
2014-08-28 00:56:59: Kernel 2.6.32-498.el6.x86_64 on an x86_64
2014-08-28 00:56:59: 
2014-08-28 00:56:59: localhost.localdomain login:
